I am a simple script
The number of args is 0
arg 1 is ''
arg 2 is ''