I am a simple script
The number of args is 2
arg 1 is 'one two'
arg 2 is 'three'