
Usage: sdoc min-args <an-arg>

I require arguments