
Usage: sdoc help [command]

Show help for all commands or a specific command