help
edit
edit-config
view
print
min-args
deps
com-dep
script