
Usage: sdoc deps 

I have dependency requirements

Dependencies:
  $NAME       A name that I need