
Usage: sdoc edit <command>

Edit a command

Dependencies:
  EDITOR      Set this environment variable to the editor of your choice