
Usage: sdoc config 

Edit the configuration file

Dependencies:
  $EDITOR     Set this environment variable to the editor of your choice