
Usage: sdoc view 

View the implementation of a command