
Usage: sdoc deps

I have dependency requirements

Dependencies:
  A_NAME      A name that I need