help
edit
edit-config
view
sub
print
min-args
deps
com-dep
script